{"timestamp":"2026-01-09T07:33:55.431Z","level":"audit","event":"login_success","userId":"user-2","ip":"::1","path":"/api/auth/login"}
{"timestamp":"2026-01-09T08:15:10.776Z","level":"audit","event":"login_success","userId":"user-2","ip":"::1","path":"/api/auth/login"}
{"timestamp":"2026-01-09T08:25:15.038Z","level":"audit","event":"login_success","userId":"user-2","ip":"::1","path":"/api/auth/login"}
{"timestamp":"2026-01-09T08:25:56.153Z","level":"audit","event":"login_success","userId":"user-2","ip":"::1","path":"/api/auth/login"}
{"timestamp":"2026-01-09T08:29:58.255Z","level":"audit","event":"login_success","userId":"user-2","ip":"::1","path":"/api/auth/login"}
{"timestamp":"2026-01-09T08:30:31.933Z","level":"audit","event":"login_success","userId":"user-2","ip":"::1","path":"/api/auth/login"}
{"timestamp":"2026-01-09T08:44:54.106Z","level":"audit","event":"login_success","userId":"user-2","ip":"::1","path":"/api/auth/login"}
{"timestamp":"2026-01-09T08:46:37.531Z","level":"audit","event":"login_success","userId":"user-2","ip":"::1","path":"/api/auth/login"}
{"timestamp":"2026-01-09T08:47:38.705Z","level":"audit","event":"login_success","userId":"super-admin-user","ip":"::1","path":"/api/auth/login"}
{"timestamp":"2026-01-09T08:48:12.676Z","level":"warn","event":"login_failed_invalid_password","ip":"::1","userId":"super-admin-user"}
{"timestamp":"2026-01-09T08:48:14.056Z","level":"warn","event":"login_failed_invalid_password","ip":"::1","userId":"super-admin-user"}
{"timestamp":"2026-01-09T08:48:14.502Z","level":"warn","event":"login_failed_invalid_password","ip":"::1","userId":"super-admin-user"}
{"timestamp":"2026-01-09T08:48:14.973Z","level":"warn","event":"login_failed_invalid_password","ip":"::1","userId":"super-admin-user"}
{"timestamp":"2026-01-09T08:48:15.452Z","level":"warn","event":"login_failed_invalid_password","ip":"::1","userId":"super-admin-user"}
{"timestamp":"2026-01-09T08:48:15.851Z","level":"warn","event":"login_locked_out_attempt","ip":"::1","path":"/api/auth/login","remainingLockSeconds":30}
{"timestamp":"2026-01-09T08:48:17.115Z","level":"warn","event":"login_locked_out_attempt","ip":"::1","path":"/api/auth/login","remainingLockSeconds":29}
{"timestamp":"2026-01-09T08:48:17.858Z","level":"warn","event":"login_locked_out_attempt","ip":"::1","path":"/api/auth/login","remainingLockSeconds":28}
{"timestamp":"2026-01-09T08:48:18.562Z","level":"warn","event":"login_locked_out_attempt","ip":"::1","path":"/api/auth/login","remainingLockSeconds":27}
{"timestamp":"2026-01-09T08:48:19.458Z","level":"warn","event":"login_locked_out_attempt","ip":"::1","path":"/api/auth/login","remainingLockSeconds":26}
{"timestamp":"2026-01-09T08:48:20.219Z","level":"warn","event":"login_locked_out_attempt","ip":"::1","path":"/api/auth/login","remainingLockSeconds":26}
{"timestamp":"2026-01-09T08:48:34.680Z","level":"warn","event":"login_locked_out_attempt","ip":"::1","path":"/api/auth/login","remainingLockSeconds":11}
{"timestamp":"2026-01-09T08:48:36.157Z","level":"warn","event":"login_locked_out_attempt","ip":"::1","path":"/api/auth/login","remainingLockSeconds":10}
{"timestamp":"2026-01-09T08:48:36.668Z","level":"warn","event":"login_locked_out_attempt","ip":"::1","path":"/api/auth/login","remainingLockSeconds":9}
{"timestamp":"2026-01-09T08:48:46.189Z","level":"audit","event":"login_success","userId":"super-admin-user","ip":"::1","path":"/api/auth/login"}
{"timestamp":"2026-01-09T08:49:07.560Z","level":"audit","event":"login_success","userId":"user-2","ip":"::1","path":"/api/auth/login"}
{"timestamp":"2026-01-09T09:02:38.727Z","level":"audit","event":"login_success","userId":"super-admin-user","ip":"::1","path":"/api/auth/login"}
{"timestamp":"2026-01-09T09:03:21.608Z","level":"audit","event":"login_success","userId":"super-admin-user","ip":"::1","path":"/api/auth/login"}
{"timestamp":"2026-01-09T09:03:44.427Z","level":"audit","event":"login_success","userId":"user-2","ip":"::1","path":"/api/auth/login"}
{"timestamp":"2026-01-09T09:04:15.091Z","level":"warn","event":"login_failed_no_role","ip":"::1","userId":"user-2","loginAs":"staff"}
{"timestamp":"2026-01-09T09:04:31.539Z","level":"audit","event":"login_success","userId":"user-2","ip":"::1","path":"/api/auth/login"}
